// Jest Snapshot v1, https://goo.gl/fbAQLP

exports[`#createRoleEntity should convert to entity 1`] = `
Object {
  "_class": Array [
    "AccessRole",
  ],
  "_key": "google_role_123",
  "_rawData": Array [
    Object {
      "name": "default",
      "rawData": Object {
        "account": Object {
          "googleAccountId": "abc123",
        },
        "role": Object {
          "roleId": "123",
          "roleName": "some role",
        },
      },
    },
  ],
  "_type": "google_role",
  "createdOn": undefined,
  "displayName": "some role",
  "id": "abc123",
  "name": "some role",
  "vendor": "Google",
}
`;
