// Jest Snapshot v1, https://goo.gl/fbAQLP

exports[`#createRoleEntity should convert to entity 1`] = `
Object {
  "_class": Array [
    "AccessRole",
  ],
  "_key": "google_role_123",
  "_rawData": Array [
    Object {
      "name": "default",
      "rawData": Object {
        "isSuperAdminRole": false,
        "isSystemRole": false,
        "kind": "kind",
        "roleDescription": "some role description",
        "roleId": "123",
        "roleName": "some role name",
      },
    },
  ],
  "_type": "google_role",
  "createdOn": undefined,
  "displayName": "some role name",
  "id": "123",
  "isSuperAdminRole": false,
  "isSystemRole": false,
  "kind": "kind",
  "name": "some role name",
  "roleDescription": "some role description",
  "roleName": "some role name",
  "vendor": "Google",
}
`;
