// Jest Snapshot v1, https://goo.gl/fbAQLP

exports[`#fetchDomains should collect data 1`] = `
Object {
  "collectedEntities": Array [
    Object {
      "_class": Array [
        "Domain",
      ],
      "_key": "google_domain_jupiterone.dev",
      "_rawData": Array [
        Object {
          "name": "default",
          "rawData": Object {
            "creationTime": "1622061210453",
            "domainAliases": Array [
              Object {
                "creationTime": "1622061210453",
                "domainAliasName": "jupiterone.dev.test-google-a.com",
                "etag": "\\"oUFCDjWEzoqbOg-UBcrPNLm0LDKHeK9dytjyFPUxPDA/oW480BdgHayQKmnuoDeWTf6fPjs\\"",
                "kind": "admin#directory#domainAlias",
                "parentDomainName": "jupiterone.dev",
                "verified": true,
              },
            ],
            "domainName": "jupiterone.dev",
            "etag": "\\"oUFCDjWEzoqbOg-UBcrPNLm0LDKHeK9dytjyFPUxPDA/WA7ByZRkRpGgnXLwEPGUupV7k6s\\"",
            "isPrimary": true,
            "kind": "admin#directory#domain",
            "verified": true,
          },
        },
      ],
      "_type": "google_domain",
      "createdOn": 1622061210453,
      "displayName": "jupiterone.dev",
      "domainName": "jupiterone.dev",
      "emailDomain": "jupiterone.dev",
      "id": "jupiterone.dev",
      "name": "jupiterone.dev",
      "primary": true,
      "verified": true,
    },
  ],
  "collectedRelationships": Array [],
  "encounteredTypes": Array [
    "google_domain",
  ],
  "numCollectedEntities": 1,
  "numCollectedRelationships": 0,
}
`;
