// Jest Snapshot v1, https://goo.gl/fbAQLP

exports[`#fetchUserDevices should collect data 1`] = `
Object {
  "collectedEntities": Array [
    Object {
      "_class": Array [
        "Account",
      ],
      "_key": "google_account_C03yf7qja",
      "_rawData": Array [
        Object {
          "name": "default",
          "rawData": Object {
            "account": Object {
              "googleAccountId": "C03yf7qja",
              "name": "Local Integration",
            },
            "domainNames": Array [],
            "primaryDomain": undefined,
          },
        },
      ],
      "_type": "google_account",
      "accountId": undefined,
      "createdOn": undefined,
      "displayName": "Local Integration",
      "domains": Array [],
      "id": "C03yf7qja",
      "name": "Local Integration",
      "primaryDomain": undefined,
      "vendor": "Google",
    },
    Object {
      "_class": Array [
        "Device",
      ],
      "_key": "google_device_devices/EiQwNjdiODM5MC01MzhiLTQ4ZWYtOWI5NC1kMzM2MmY4NmRkMWU%3D",
      "_rawData": Array [
        Object {
          "name": "default",
          "rawData": Object {
            "androidSpecificAttributes": Object {},
            "createTime": "2022-09-07T12:50:40.019Z",
            "deviceId": "067b8390-538b-48ef-9b94-d3362f86dd1e",
            "deviceType": "LINUX",
            "lastSyncTime": "2022-10-04T12:09:24.601Z",
            "model": "Linux",
            "name": "devices/EiQwNjdiODM5MC01MzhiLTQ4ZWYtOWI5NC1kMzM2MmY4NmRkMWU%3D",
            "osVersion": "Linux",
            "ownerType": "BYOD",
            "securityPatchTime": "1970-01-01T00:00:00Z",
          },
        },
      ],
      "_type": "google_device",
      "androidEnabledUnknownSources": undefined,
      "androidOwnerProfileAccount": undefined,
      "androidOwnershipPrivilege": undefined,
      "androidSupportsWorkProfile": undefined,
      "assetTag": undefined,
      "basebandVersion": undefined,
      "bootloaderVersion": undefined,
      "brand": undefined,
      "buildNumber": undefined,
      "byod": true,
      "category": "endpoint",
      "compromisedState": undefined,
      "createdOn": 1662555040019,
      "deviceId": "067b8390-538b-48ef-9b94-d3362f86dd1e",
      "deviceType": "LINUX",
      "displayName": "devices/EiQwNjdiODM5MC01MzhiLTQ4ZWYtOWI5NC1kMzM2MmY4NmRkMWU%3D",
      "enabledDeveloperOptions": undefined,
      "enabledUsbDebugging": undefined,
      "encrypted": false,
      "encryptionState": undefined,
      "id": "devices/EiQwNjdiODM5MC01MzhiLTQ4ZWYtOWI5NC1kMzM2MmY4NmRkMWU%3D",
      "imei": undefined,
      "kernelVersion": undefined,
      "lastSyncedOn": 1664885364601,
      "macAddress": undefined,
      "make": "",
      "managementState": undefined,
      "meid": undefined,
      "model": "Linux",
      "name": "devices/EiQwNjdiODM5MC01MzhiLTQ4ZWYtOWI5NC1kMzM2MmY4NmRkMWU%3D",
      "networkOperator": undefined,
      "osVersion": "Linux",
      "otherAccounts": undefined,
      "ownerType": "BYOD",
      "releaseVersion": undefined,
      "securityPatchedOn": 0,
      "serial": "",
      "serialNumber": "",
      "wifiMacAddresses": undefined,
    },
    Object {
      "_class": Array [
        "Device",
      ],
      "_key": "google_device_devices/EiQ1Njg5MzFjYi1jYTczLTRiNGEtYTg2MC0yNDgxNTZjMjIyYzE%3D",
      "_rawData": Array [
        Object {
          "name": "default",
          "rawData": Object {
            "androidSpecificAttributes": Object {},
            "createTime": "2022-09-22T03:01:13Z",
            "deviceId": "568931cb-ca73-4b4a-a860-248156c222c1",
            "deviceType": "MAC_OS",
            "lastSyncTime": "2022-10-04T04:47:55.399Z",
            "model": "Mac",
            "name": "devices/EiQ1Njg5MzFjYi1jYTczLTRiNGEtYTg2MC0yNDgxNTZjMjIyYzE%3D",
            "osVersion": "macOS 10.15.7",
            "ownerType": "BYOD",
            "securityPatchTime": "1970-01-01T00:00:00Z",
          },
        },
      ],
      "_type": "google_device",
      "androidEnabledUnknownSources": undefined,
      "androidOwnerProfileAccount": undefined,
      "androidOwnershipPrivilege": undefined,
      "androidSupportsWorkProfile": undefined,
      "assetTag": undefined,
      "basebandVersion": undefined,
      "bootloaderVersion": undefined,
      "brand": undefined,
      "buildNumber": undefined,
      "byod": true,
      "category": "endpoint",
      "compromisedState": undefined,
      "createdOn": 1663815673000,
      "deviceId": "568931cb-ca73-4b4a-a860-248156c222c1",
      "deviceType": "MAC_OS",
      "displayName": "devices/EiQ1Njg5MzFjYi1jYTczLTRiNGEtYTg2MC0yNDgxNTZjMjIyYzE%3D",
      "enabledDeveloperOptions": undefined,
      "enabledUsbDebugging": undefined,
      "encrypted": false,
      "encryptionState": undefined,
      "id": "devices/EiQ1Njg5MzFjYi1jYTczLTRiNGEtYTg2MC0yNDgxNTZjMjIyYzE%3D",
      "imei": undefined,
      "kernelVersion": undefined,
      "lastSyncedOn": 1664858875399,
      "macAddress": undefined,
      "make": "",
      "managementState": undefined,
      "meid": undefined,
      "model": "Mac",
      "name": "devices/EiQ1Njg5MzFjYi1jYTczLTRiNGEtYTg2MC0yNDgxNTZjMjIyYzE%3D",
      "networkOperator": undefined,
      "osVersion": "macOS 10.15.7",
      "otherAccounts": undefined,
      "ownerType": "BYOD",
      "releaseVersion": undefined,
      "securityPatchedOn": 0,
      "serial": "",
      "serialNumber": "",
      "wifiMacAddresses": undefined,
    },
    Object {
      "_class": Array [
        "Device",
      ],
      "_key": "google_device_devices/EiQ2OTE5OTE3NC04OTFjLTQ2YmYtYjNmNi1mNDdiMTlmMmZjZjI%3D",
      "_rawData": Array [
        Object {
          "name": "default",
          "rawData": Object {
            "androidSpecificAttributes": Object {},
            "createTime": "2022-09-07T13:01:13Z",
            "deviceId": "69199174-891c-46bf-b3f6-f47b19f2fcf2",
            "deviceType": "LINUX",
            "lastSyncTime": "2022-09-07T21:47:53.598Z",
            "model": "Linux",
            "name": "devices/EiQ2OTE5OTE3NC04OTFjLTQ2YmYtYjNmNi1mNDdiMTlmMmZjZjI%3D",
            "osVersion": "Linux",
            "ownerType": "BYOD",
            "securityPatchTime": "1970-01-01T00:00:00Z",
          },
        },
      ],
      "_type": "google_device",
      "androidEnabledUnknownSources": undefined,
      "androidOwnerProfileAccount": undefined,
      "androidOwnershipPrivilege": undefined,
      "androidSupportsWorkProfile": undefined,
      "assetTag": undefined,
      "basebandVersion": undefined,
      "bootloaderVersion": undefined,
      "brand": undefined,
      "buildNumber": undefined,
      "byod": true,
      "category": "endpoint",
      "compromisedState": undefined,
      "createdOn": 1662555673000,
      "deviceId": "69199174-891c-46bf-b3f6-f47b19f2fcf2",
      "deviceType": "LINUX",
      "displayName": "devices/EiQ2OTE5OTE3NC04OTFjLTQ2YmYtYjNmNi1mNDdiMTlmMmZjZjI%3D",
      "enabledDeveloperOptions": undefined,
      "enabledUsbDebugging": undefined,
      "encrypted": false,
      "encryptionState": undefined,
      "id": "devices/EiQ2OTE5OTE3NC04OTFjLTQ2YmYtYjNmNi1mNDdiMTlmMmZjZjI%3D",
      "imei": undefined,
      "kernelVersion": undefined,
      "lastSyncedOn": 1662587273598,
      "macAddress": undefined,
      "make": "",
      "managementState": undefined,
      "meid": undefined,
      "model": "Linux",
      "name": "devices/EiQ2OTE5OTE3NC04OTFjLTQ2YmYtYjNmNi1mNDdiMTlmMmZjZjI%3D",
      "networkOperator": undefined,
      "osVersion": "Linux",
      "otherAccounts": undefined,
      "ownerType": "BYOD",
      "releaseVersion": undefined,
      "securityPatchedOn": 0,
      "serial": "",
      "serialNumber": "",
      "wifiMacAddresses": undefined,
    },
  ],
  "collectedRelationships": Array [
    Object {
      "_class": "MANAGES",
      "_fromEntityKey": "google_account_C03yf7qja",
      "_key": "google_account_C03yf7qja|manages|google_device_devices/EiQwNjdiODM5MC01MzhiLTQ4ZWYtOWI5NC1kMzM2MmY4NmRkMWU%3D",
      "_toEntityKey": "google_device_devices/EiQwNjdiODM5MC01MzhiLTQ4ZWYtOWI5NC1kMzM2MmY4NmRkMWU%3D",
      "_type": "google_account_manages_device",
      "displayName": "MANAGES",
    },
    Object {
      "_class": "MANAGES",
      "_fromEntityKey": "google_account_C03yf7qja",
      "_key": "google_account_C03yf7qja|manages|google_device_devices/EiQ1Njg5MzFjYi1jYTczLTRiNGEtYTg2MC0yNDgxNTZjMjIyYzE%3D",
      "_toEntityKey": "google_device_devices/EiQ1Njg5MzFjYi1jYTczLTRiNGEtYTg2MC0yNDgxNTZjMjIyYzE%3D",
      "_type": "google_account_manages_device",
      "displayName": "MANAGES",
    },
    Object {
      "_class": "MANAGES",
      "_fromEntityKey": "google_account_C03yf7qja",
      "_key": "google_account_C03yf7qja|manages|google_device_devices/EiQ2OTE5OTE3NC04OTFjLTQ2YmYtYjNmNi1mNDdiMTlmMmZjZjI%3D",
      "_toEntityKey": "google_device_devices/EiQ2OTE5OTE3NC04OTFjLTQ2YmYtYjNmNi1mNDdiMTlmMmZjZjI%3D",
      "_type": "google_account_manages_device",
      "displayName": "MANAGES",
    },
  ],
  "encounteredTypes": Array [
    "google_account",
    "google_device",
    "google_account_manages_device",
  ],
  "numCollectedEntities": 4,
  "numCollectedRelationships": 3,
}
`;
