// Jest Snapshot v1, https://goo.gl/fbAQLP

exports[`#fetchGroups should collect data 1`] = `
Object {
  "collectedEntities": Array [
    Object {
      "_class": Array [
        "Account",
      ],
      "_key": "google_account_C048tgq5f",
      "_rawData": Array [
        Object {
          "name": "default",
          "rawData": Object {
            "account": Object {
              "googleAccountId": "C048tgq5f",
              "name": "Local Integration",
            },
            "domainNames": Array [],
            "primaryDomain": undefined,
          },
        },
      ],
      "_type": "google_account",
      "accountId": undefined,
      "createdOn": undefined,
      "displayName": "Local Integration",
      "domains": Array [],
      "id": "C048tgq5f",
      "name": "Local Integration",
      "primaryDomain": undefined,
      "vendor": "Google",
    },
    Object {
      "_class": Array [
        "User",
      ],
      "_key": "google_user_101087418859287572029",
      "_rawData": Array [
        Object {
          "name": "default",
          "rawData": Object {
            "agreedToTerms": true,
            "archived": false,
            "changePasswordAtNextLogin": false,
            "creationTime": "2021-05-26T20:33:31.000Z",
            "customerId": "C048tgq5f",
            "emails": Array [
              Object {
                "address": "adam.williams@jupiterone.dev",
                "primary": true,
              },
              Object {
                "address": "adam.williams@jupiterone.dev.test-google-a.com",
              },
            ],
            "etag": "\\"PQzIumVX0Flcu8D-lHIfdB21OvlJw3jVcWVkMdR-BBI/0PU__DkUq3dOot22HPa-bYdI-j0\\"",
            "id": "101087418859287572029",
            "includeInGlobalAddressList": true,
            "ipWhitelisted": false,
            "isAdmin": true,
            "isDelegatedAdmin": false,
            "isEnforcedIn2Sv": false,
            "isEnrolledIn2Sv": false,
            "isMailboxSetup": true,
            "kind": "admin#directory#user",
            "languages": Array [
              Object {
                "languageCode": "en",
                "preference": "preferred",
              },
            ],
            "lastLoginTime": "2023-03-03T20:38:46.000Z",
            "name": Object {
              "familyName": "Williams",
              "fullName": "Adam Williams",
              "givenName": "Adam",
            },
            "nonEditableAliases": Array [
              "adam.williams@jupiterone.dev.test-google-a.com",
            ],
            "orgUnitPath": "/",
            "primaryEmail": "adam.williams@jupiterone.dev",
            "recoveryEmail": "adam.williams@jupiterone.com",
            "recoveryPhone": "+19192477950",
            "suspended": false,
          },
        },
      ],
      "_type": "google_user",
      "active": true,
      "admin": true,
      "agreedToTerms": true,
      "aliases": undefined,
      "archived": false,
      "changePasswordAtNextLogin": false,
      "createdOn": 1622061211000,
      "creationTime": 1622061211000,
      "customSchemas": undefined,
      "customerId": "C048tgq5f",
      "deletedOn": undefined,
      "deletionTime": undefined,
      "displayName": "Adam Williams",
      "email": "adam.williams@jupiterone.dev",
      "emailDomain": Array [
        "jupiterone.dev",
      ],
      "firstName": "Adam",
      "hashFunction": undefined,
      "id": "101087418859287572029",
      "includeInGlobalAddressList": true,
      "ipWhitelisted": false,
      "isAdmin": true,
      "isDelegatedAdmin": false,
      "isEnforcedIn2Sv": false,
      "isEnrolledIn2Sv": false,
      "isMailboxSetup": true,
      "kind": "admin#directory#user",
      "lastLoginOn": 1677875926000,
      "lastLoginTime": 1677875926000,
      "lastName": "Williams",
      "mfaEnabled": false,
      "name": "Adam Williams",
      "orgUnitPath": "/",
      "primaryEmail": "adam.williams@jupiterone.dev",
      "recoveryEmail": "adam.williams@jupiterone.com",
      "recoveryPhone": "+19192477950",
      "suspended": false,
      "suspensionReason": undefined,
      "thumbnailPhotoUrl": undefined,
      "username": "adam.williams@jupiterone.dev",
    },
    Object {
      "_class": Array [
        "User",
      ],
      "_key": "google_user_103216940484951073954",
      "_rawData": Array [
        Object {
          "name": "default",
          "rawData": Object {
            "agreedToTerms": true,
            "archived": false,
            "changePasswordAtNextLogin": false,
            "creationTime": "2021-05-26T21:06:45.000Z",
            "customerId": "C048tgq5f",
            "emails": Array [
              Object {
                "address": "austin.kelleher@jupiterone.dev",
                "primary": true,
              },
              Object {
                "address": "austin.kelleher@jupiterone.dev.test-google-a.com",
              },
            ],
            "etag": "\\"PQzIumVX0Flcu8D-lHIfdB21OvlJw3jVcWVkMdR-BBI/OFg08IaNCK0eTBVjwGKxwy_f57c\\"",
            "id": "103216940484951073954",
            "includeInGlobalAddressList": true,
            "ipWhitelisted": false,
            "isAdmin": true,
            "isDelegatedAdmin": false,
            "isEnforcedIn2Sv": false,
            "isEnrolledIn2Sv": false,
            "isMailboxSetup": true,
            "kind": "admin#directory#user",
            "languages": Array [
              Object {
                "languageCode": "en",
                "preference": "preferred",
              },
            ],
            "lastLoginTime": "2023-01-31T15:37:46.000Z",
            "name": Object {
              "familyName": "Kelleher",
              "fullName": "Austin Kelleher",
              "givenName": "Austin",
            },
            "nonEditableAliases": Array [
              "austin.kelleher@jupiterone.dev.test-google-a.com",
            ],
            "orgUnitPath": "/",
            "primaryEmail": "austin.kelleher@jupiterone.dev",
            "recoveryEmail": "austin.kelleher@jupiterone.com",
            "recoveryPhone": "+15859430080",
            "suspended": false,
            "thumbnailPhotoEtag": "\\"PQzIumVX0Flcu8D-lHIfdB21OvlJw3jVcWVkMdR-BBI/U2bHFDLNCcYr-MPSdvmA3Xp34jY\\"",
            "thumbnailPhotoUrl": "https://www.google.com/s2/photos/private/AIbEiAIAAABDCKLJ06i7yrfSLCILdmNhcmRfcGhvdG8qKGIxMWJkZjY4MTgxNjRmMzI2Zjg2MTgzMTVhMTdhYTkxZmExYmIzYmIwAWtR2OPl3YQeIe9bTEZhagyvRf7L",
          },
        },
      ],
      "_type": "google_user",
      "active": true,
      "admin": true,
      "agreedToTerms": true,
      "aliases": undefined,
      "archived": false,
      "changePasswordAtNextLogin": false,
      "createdOn": 1622063205000,
      "creationTime": 1622063205000,
      "customSchemas": undefined,
      "customerId": "C048tgq5f",
      "deletedOn": undefined,
      "deletionTime": undefined,
      "displayName": "Austin Kelleher",
      "email": "austin.kelleher@jupiterone.dev",
      "emailDomain": Array [
        "jupiterone.dev",
      ],
      "firstName": "Austin",
      "hashFunction": undefined,
      "id": "103216940484951073954",
      "includeInGlobalAddressList": true,
      "ipWhitelisted": false,
      "isAdmin": true,
      "isDelegatedAdmin": false,
      "isEnforcedIn2Sv": false,
      "isEnrolledIn2Sv": false,
      "isMailboxSetup": true,
      "kind": "admin#directory#user",
      "lastLoginOn": 1675179466000,
      "lastLoginTime": 1675179466000,
      "lastName": "Kelleher",
      "mfaEnabled": false,
      "name": "Austin Kelleher",
      "orgUnitPath": "/",
      "primaryEmail": "austin.kelleher@jupiterone.dev",
      "recoveryEmail": "austin.kelleher@jupiterone.com",
      "recoveryPhone": "+15859430080",
      "suspended": false,
      "suspensionReason": undefined,
      "thumbnailPhotoUrl": "https://www.google.com/s2/photos/private/AIbEiAIAAABDCKLJ06i7yrfSLCILdmNhcmRfcGhvdG8qKGIxMWJkZjY4MTgxNjRmMzI2Zjg2MTgzMTVhMTdhYTkxZmExYmIzYmIwAWtR2OPl3YQeIe9bTEZhagyvRf7L",
      "username": "austin.kelleher@jupiterone.dev",
    },
    Object {
      "_class": Array [
        "User",
      ],
      "_key": "google_user_109801570197266814256",
      "_rawData": Array [
        Object {
          "name": "default",
          "rawData": Object {
            "agreedToTerms": true,
            "archived": false,
            "changePasswordAtNextLogin": false,
            "creationTime": "2021-10-26T22:41:14.000Z",
            "customerId": "C048tgq5f",
            "emails": Array [
              Object {
                "address": "austin.kelleher@jupiterone.com",
                "type": "work",
              },
              Object {
                "address": "development@jupiterone.dev",
                "primary": true,
              },
              Object {
                "address": "development@jupiterone.dev.test-google-a.com",
              },
            ],
            "etag": "\\"PQzIumVX0Flcu8D-lHIfdB21OvlJw3jVcWVkMdR-BBI/qsfdJhbn5e1xkxQrtCKfgnAodLo\\"",
            "id": "109801570197266814256",
            "includeInGlobalAddressList": true,
            "ipWhitelisted": false,
            "isAdmin": false,
            "isDelegatedAdmin": true,
            "isEnforcedIn2Sv": false,
            "isEnrolledIn2Sv": false,
            "isMailboxSetup": true,
            "kind": "admin#directory#user",
            "languages": Array [
              Object {
                "languageCode": "en",
                "preference": "preferred",
              },
            ],
            "lastLoginTime": "2023-03-03T20:37:30.000Z",
            "name": Object {
              "familyName": "Development",
              "fullName": "JupiterOne Development",
              "givenName": "JupiterOne",
            },
            "nonEditableAliases": Array [
              "development@jupiterone.dev.test-google-a.com",
            ],
            "orgUnitPath": "/",
            "phones": Array [
              Object {
                "type": "work",
                "value": "5859430080",
              },
            ],
            "primaryEmail": "development@jupiterone.dev",
            "recoveryEmail": "austin.kelleher@jupiterone.com",
            "recoveryPhone": "+15859430080",
            "suspended": false,
          },
        },
      ],
      "_type": "google_user",
      "active": true,
      "admin": true,
      "agreedToTerms": true,
      "aliases": undefined,
      "archived": false,
      "changePasswordAtNextLogin": false,
      "createdOn": 1635288074000,
      "creationTime": 1635288074000,
      "customSchemas": undefined,
      "customerId": "C048tgq5f",
      "deletedOn": undefined,
      "deletionTime": undefined,
      "displayName": "JupiterOne Development",
      "email": "development@jupiterone.dev",
      "emailDomain": Array [
        "jupiterone.dev",
      ],
      "firstName": "JupiterOne",
      "hashFunction": undefined,
      "id": "109801570197266814256",
      "includeInGlobalAddressList": true,
      "ipWhitelisted": false,
      "isAdmin": false,
      "isDelegatedAdmin": true,
      "isEnforcedIn2Sv": false,
      "isEnrolledIn2Sv": false,
      "isMailboxSetup": true,
      "kind": "admin#directory#user",
      "lastLoginOn": 1677875850000,
      "lastLoginTime": 1677875850000,
      "lastName": "Development",
      "mfaEnabled": false,
      "name": "JupiterOne Development",
      "orgUnitPath": "/",
      "primaryEmail": "development@jupiterone.dev",
      "recoveryEmail": "austin.kelleher@jupiterone.com",
      "recoveryPhone": "+15859430080",
      "suspended": false,
      "suspensionReason": undefined,
      "thumbnailPhotoUrl": undefined,
      "username": "development@jupiterone.dev",
      "workEmail": "austin.kelleher@jupiterone.com",
      "workPhone": "5859430080",
    },
    Object {
      "_class": Array [
        "User",
      ],
      "_key": "google_user_117824073733439501528",
      "_rawData": Array [
        Object {
          "name": "default",
          "rawData": Object {
            "agreedToTerms": true,
            "archived": false,
            "changePasswordAtNextLogin": false,
            "creationTime": "2023-01-25T18:12:10.000Z",
            "customerId": "C048tgq5f",
            "emails": Array [
              Object {
                "address": "guillaume.ross@jupiterone.com",
                "type": "work",
              },
              Object {
                "address": "guillaume.ross@jupiterone.dev",
                "primary": true,
              },
              Object {
                "address": "guillaume.ross@jupiterone.dev.test-google-a.com",
              },
            ],
            "etag": "\\"PQzIumVX0Flcu8D-lHIfdB21OvlJw3jVcWVkMdR-BBI/75s8TUnxr-Tc2jYajvOQSvpt_tk\\"",
            "id": "117824073733439501528",
            "includeInGlobalAddressList": true,
            "ipWhitelisted": false,
            "isAdmin": true,
            "isDelegatedAdmin": false,
            "isEnforcedIn2Sv": false,
            "isEnrolledIn2Sv": false,
            "isMailboxSetup": true,
            "kind": "admin#directory#user",
            "languages": Array [
              Object {
                "languageCode": "en",
                "preference": "preferred",
              },
            ],
            "lastLoginTime": "2023-01-25T18:39:24.000Z",
            "name": Object {
              "familyName": "Ross",
              "fullName": "Guillaume Ross",
              "givenName": "Guillaume",
            },
            "nonEditableAliases": Array [
              "guillaume.ross@jupiterone.dev.test-google-a.com",
            ],
            "orgUnitPath": "/",
            "primaryEmail": "guillaume.ross@jupiterone.dev",
            "suspended": false,
          },
        },
      ],
      "_type": "google_user",
      "active": true,
      "admin": true,
      "agreedToTerms": true,
      "aliases": undefined,
      "archived": false,
      "changePasswordAtNextLogin": false,
      "createdOn": 1674670330000,
      "creationTime": 1674670330000,
      "customSchemas": undefined,
      "customerId": "C048tgq5f",
      "deletedOn": undefined,
      "deletionTime": undefined,
      "displayName": "Guillaume Ross",
      "email": "guillaume.ross@jupiterone.dev",
      "emailDomain": Array [
        "jupiterone.dev",
      ],
      "firstName": "Guillaume",
      "hashFunction": undefined,
      "id": "117824073733439501528",
      "includeInGlobalAddressList": true,
      "ipWhitelisted": false,
      "isAdmin": true,
      "isDelegatedAdmin": false,
      "isEnforcedIn2Sv": false,
      "isEnrolledIn2Sv": false,
      "isMailboxSetup": true,
      "kind": "admin#directory#user",
      "lastLoginOn": 1674671964000,
      "lastLoginTime": 1674671964000,
      "lastName": "Ross",
      "mfaEnabled": false,
      "name": "Guillaume Ross",
      "orgUnitPath": "/",
      "primaryEmail": "guillaume.ross@jupiterone.dev",
      "recoveryEmail": undefined,
      "recoveryPhone": undefined,
      "suspended": false,
      "suspensionReason": undefined,
      "thumbnailPhotoUrl": undefined,
      "username": "guillaume.ross@jupiterone.dev",
      "workEmail": "guillaume.ross@jupiterone.com",
    },
    Object {
      "_class": Array [
        "User",
      ],
      "_key": "google_user_101516922440466241880",
      "_rawData": Array [
        Object {
          "name": "default",
          "rawData": Object {
            "agreedToTerms": true,
            "archived": false,
            "changePasswordAtNextLogin": false,
            "creationTime": "2021-11-29T19:30:44.000Z",
            "customerId": "C048tgq5f",
            "emails": Array [
              Object {
                "address": "integration-development@jupiterone.dev",
                "primary": true,
              },
              Object {
                "address": "integration-development@jupiterone.dev.test-google-a.com",
              },
            ],
            "etag": "\\"PQzIumVX0Flcu8D-lHIfdB21OvlJw3jVcWVkMdR-BBI/26MfvsWM_ziVTErkgcvOthEMU4s\\"",
            "id": "101516922440466241880",
            "includeInGlobalAddressList": true,
            "ipWhitelisted": false,
            "isAdmin": true,
            "isDelegatedAdmin": false,
            "isEnforcedIn2Sv": false,
            "isEnrolledIn2Sv": false,
            "isMailboxSetup": true,
            "kind": "admin#directory#user",
            "languages": Array [
              Object {
                "languageCode": "en",
                "preference": "preferred",
              },
            ],
            "lastLoginTime": "2023-03-08T15:50:36.000Z",
            "name": Object {
              "familyName": "Development",
              "fullName": "Integration Development",
              "givenName": "Integration",
            },
            "nonEditableAliases": Array [
              "integration-development@jupiterone.dev.test-google-a.com",
            ],
            "orgUnitPath": "/",
            "primaryEmail": "integration-development@jupiterone.dev",
            "suspended": false,
          },
        },
      ],
      "_type": "google_user",
      "active": true,
      "admin": true,
      "agreedToTerms": true,
      "aliases": undefined,
      "archived": false,
      "changePasswordAtNextLogin": false,
      "createdOn": 1638214244000,
      "creationTime": 1638214244000,
      "customSchemas": undefined,
      "customerId": "C048tgq5f",
      "deletedOn": undefined,
      "deletionTime": undefined,
      "displayName": "Integration Development",
      "email": "integration-development@jupiterone.dev",
      "emailDomain": Array [
        "jupiterone.dev",
      ],
      "firstName": "Integration",
      "hashFunction": undefined,
      "id": "101516922440466241880",
      "includeInGlobalAddressList": true,
      "ipWhitelisted": false,
      "isAdmin": true,
      "isDelegatedAdmin": false,
      "isEnforcedIn2Sv": false,
      "isEnrolledIn2Sv": false,
      "isMailboxSetup": true,
      "kind": "admin#directory#user",
      "lastLoginOn": 1678290636000,
      "lastLoginTime": 1678290636000,
      "lastName": "Development",
      "mfaEnabled": false,
      "name": "Integration Development",
      "orgUnitPath": "/",
      "primaryEmail": "integration-development@jupiterone.dev",
      "recoveryEmail": undefined,
      "recoveryPhone": undefined,
      "suspended": false,
      "suspensionReason": undefined,
      "thumbnailPhotoUrl": undefined,
      "username": "integration-development@jupiterone.dev",
    },
    Object {
      "_class": Array [
        "User",
      ],
      "_key": "google_user_102467940035414235346",
      "_rawData": Array [
        Object {
          "name": "default",
          "rawData": Object {
            "agreedToTerms": false,
            "archived": false,
            "changePasswordAtNextLogin": false,
            "creationTime": "2021-06-06T17:40:41.000Z",
            "customerId": "C048tgq5f",
            "emails": Array [
              Object {
                "address": "system@jupiterone.dev",
                "primary": true,
              },
              Object {
                "address": "system@jupiterone.dev.test-google-a.com",
              },
            ],
            "etag": "\\"PQzIumVX0Flcu8D-lHIfdB21OvlJw3jVcWVkMdR-BBI/XYYekQiWMcnb76LTX-9y6wdOQac\\"",
            "id": "102467940035414235346",
            "includeInGlobalAddressList": true,
            "ipWhitelisted": false,
            "isAdmin": true,
            "isDelegatedAdmin": false,
            "isEnforcedIn2Sv": false,
            "isEnrolledIn2Sv": false,
            "isMailboxSetup": true,
            "kind": "admin#directory#user",
            "languages": Array [
              Object {
                "languageCode": "en",
                "preference": "preferred",
              },
            ],
            "lastLoginTime": "2021-06-06T17:41:57.000Z",
            "name": Object {
              "familyName": "SystemUser",
              "fullName": "JupiterOne SystemUser",
              "givenName": "JupiterOne",
            },
            "nonEditableAliases": Array [
              "system@jupiterone.dev.test-google-a.com",
            ],
            "orgUnitPath": "/",
            "primaryEmail": "system@jupiterone.dev",
            "suspended": false,
          },
        },
      ],
      "_type": "google_user",
      "active": false,
      "admin": true,
      "agreedToTerms": false,
      "aliases": undefined,
      "archived": false,
      "changePasswordAtNextLogin": false,
      "createdOn": 1623001241000,
      "creationTime": 1623001241000,
      "customSchemas": undefined,
      "customerId": "C048tgq5f",
      "deletedOn": undefined,
      "deletionTime": undefined,
      "displayName": "JupiterOne SystemUser",
      "email": "system@jupiterone.dev",
      "emailDomain": Array [
        "jupiterone.dev",
      ],
      "firstName": "JupiterOne",
      "hashFunction": undefined,
      "id": "102467940035414235346",
      "includeInGlobalAddressList": true,
      "ipWhitelisted": false,
      "isAdmin": true,
      "isDelegatedAdmin": false,
      "isEnforcedIn2Sv": false,
      "isEnrolledIn2Sv": false,
      "isMailboxSetup": true,
      "kind": "admin#directory#user",
      "lastLoginOn": 1623001317000,
      "lastLoginTime": 1623001317000,
      "lastName": "SystemUser",
      "mfaEnabled": false,
      "name": "JupiterOne SystemUser",
      "orgUnitPath": "/",
      "primaryEmail": "system@jupiterone.dev",
      "recoveryEmail": undefined,
      "recoveryPhone": undefined,
      "suspended": false,
      "suspensionReason": undefined,
      "thumbnailPhotoUrl": undefined,
      "username": "system@jupiterone.dev",
    },
    Object {
      "_class": Array [
        "UserGroup",
      ],
      "_key": "google_group_023ckvvd4kecvcb",
      "_rawData": Array [
        Object {
          "name": "default",
          "rawData": Object {
            "adminCreated": true,
            "description": "Developers on JupiterOne integrations team",
            "directMembersCount": "3",
            "email": "integrations@jupiterone.dev",
            "etag": "\\"PQzIumVX0Flcu8D-lHIfdB21OvlJw3jVcWVkMdR-BBI/iZlljDyin1O6iJ0XYTMZHhDEzIc\\"",
            "id": "023ckvvd4kecvcb",
            "kind": "admin#directory#group",
            "name": "Integration Developers",
            "nonEditableAliases": Array [
              "integrations@jupiterone.dev.test-google-a.com",
            ],
          },
        },
      ],
      "_type": "google_group",
      "adminCreated": true,
      "createdOn": undefined,
      "description": "Developers on JupiterOne integrations team",
      "directMembersCount": "3",
      "displayName": "Integration Developers",
      "email": "integrations@jupiterone.dev",
      "id": "023ckvvd4kecvcb",
      "kind": "admin#directory#group",
      "name": "Integration Developers",
    },
    Object {
      "_class": Array [
        "UserGroup",
      ],
      "_key": "google_group_00sqyw643dnjpsf",
      "_rawData": Array [
        Object {
          "name": "default",
          "rawData": Object {
            "adminCreated": true,
            "description": "",
            "directMembersCount": "0",
            "email": "overlappingemailtest@jupiterone.dev",
            "etag": "\\"PQzIumVX0Flcu8D-lHIfdB21OvlJw3jVcWVkMdR-BBI/yGsZdJGX2k6khsHL52lxia09meU\\"",
            "id": "00sqyw643dnjpsf",
            "kind": "admin#directory#group",
            "name": "OverlappingEmailTest1",
            "nonEditableAliases": Array [
              "overlappingemailtest@jupiterone.dev.test-google-a.com",
            ],
          },
        },
      ],
      "_type": "google_group",
      "adminCreated": true,
      "createdOn": undefined,
      "description": "",
      "directMembersCount": "0",
      "displayName": "OverlappingEmailTest1",
      "email": "overlappingemailtest@jupiterone.dev",
      "id": "00sqyw643dnjpsf",
      "kind": "admin#directory#group",
      "name": "OverlappingEmailTest1",
    },
    Object {
      "_class": Array [
        "UserGroup",
      ],
      "_key": "google_group_03cqmetx36hgkxw",
      "_rawData": Array [
        Object {
          "name": "default",
          "rawData": Object {
            "adminCreated": true,
            "description": "Test additional group",
            "directMembersCount": "1",
            "email": "testgroup@jupiterone.dev",
            "etag": "\\"PQzIumVX0Flcu8D-lHIfdB21OvlJw3jVcWVkMdR-BBI/Q2zzRAvZ9nnsilL2_vgT5rUaOo4\\"",
            "id": "03cqmetx36hgkxw",
            "kind": "admin#directory#group",
            "name": "TestExtraGroup",
            "nonEditableAliases": Array [
              "testgroup@jupiterone.dev.test-google-a.com",
            ],
          },
        },
      ],
      "_type": "google_group",
      "adminCreated": true,
      "createdOn": undefined,
      "description": "Test additional group",
      "directMembersCount": "1",
      "displayName": "TestExtraGroup",
      "email": "testgroup@jupiterone.dev",
      "id": "03cqmetx36hgkxw",
      "kind": "admin#directory#group",
      "name": "TestExtraGroup",
    },
    Object {
      "_class": Array [
        "Configuration",
      ],
      "_key": "google_group_settings_023ckvvd4kecvcb",
      "_rawData": Array [
        Object {
          "name": "default",
          "rawData": Object {
            "allowExternalMembers": "false",
            "allowGoogleCommunication": "false",
            "allowWebPosting": "true",
            "archiveOnly": "false",
            "customFooterText": "",
            "customRolesEnabledForSettingsToBeMerged": "false",
            "defaultMessageDenyNotificationText": "",
            "defaultSender": "DEFAULT_SELF",
            "description": "Developers on JupiterOne integrations team",
            "email": "integrations@jupiterone.dev",
            "enableCollaborativeInbox": "false",
            "favoriteRepliesOnTop": "true",
            "includeCustomFooter": "false",
            "includeInGlobalAddressList": "true",
            "isArchived": "true",
            "kind": "groupsSettings#groups",
            "maxMessageBytes": 26214400,
            "membersCanPostAsTheGroup": "false",
            "messageDisplayFont": "DEFAULT_FONT",
            "messageModerationLevel": "MODERATE_NONE",
            "name": "Integration Developers",
            "replyTo": "REPLY_TO_IGNORE",
            "sendMessageDenyNotification": "false",
            "showInGroupDirectory": "true",
            "spamModerationLevel": "MODERATE",
            "whoCanAdd": "NONE_CAN_ADD",
            "whoCanAddReferences": "NONE",
            "whoCanApproveMembers": "NONE_CAN_APPROVE",
            "whoCanApproveMessages": "OWNERS_AND_MANAGERS",
            "whoCanAssignTopics": "NONE",
            "whoCanAssistContent": "NONE",
            "whoCanBanUsers": "NONE",
            "whoCanContactOwner": "ANYONE_CAN_CONTACT",
            "whoCanDeleteAnyPost": "OWNERS_AND_MANAGERS",
            "whoCanDeleteTopics": "OWNERS_AND_MANAGERS",
            "whoCanDiscoverGroup": "ALL_IN_DOMAIN_CAN_DISCOVER",
            "whoCanEnterFreeFormTags": "NONE",
            "whoCanHideAbuse": "NONE",
            "whoCanInvite": "NONE_CAN_INVITE",
            "whoCanJoin": "INVITED_CAN_JOIN",
            "whoCanLeaveGroup": "ALL_MEMBERS_CAN_LEAVE",
            "whoCanLockTopics": "OWNERS_AND_MANAGERS",
            "whoCanMakeTopicsSticky": "NONE",
            "whoCanMarkDuplicate": "NONE",
            "whoCanMarkFavoriteReplyOnAnyTopic": "NONE",
            "whoCanMarkFavoriteReplyOnOwnTopic": "NONE",
            "whoCanMarkNoResponseNeeded": "NONE",
            "whoCanModerateContent": "OWNERS_AND_MANAGERS",
            "whoCanModerateMembers": "NONE",
            "whoCanModifyMembers": "NONE",
            "whoCanModifyTagsAndCategories": "NONE",
            "whoCanMoveTopicsIn": "OWNERS_AND_MANAGERS",
            "whoCanMoveTopicsOut": "OWNERS_AND_MANAGERS",
            "whoCanPostAnnouncements": "OWNERS_AND_MANAGERS",
            "whoCanPostMessage": "ALL_IN_DOMAIN_CAN_POST",
            "whoCanTakeTopics": "NONE",
            "whoCanUnassignTopic": "NONE",
            "whoCanUnmarkFavoriteReplyOnAnyTopic": "NONE",
            "whoCanViewGroup": "ALL_IN_DOMAIN_CAN_VIEW",
            "whoCanViewMembership": "ALL_IN_DOMAIN_CAN_VIEW",
          },
        },
      ],
      "_type": "google_group_settings",
      "allowExternalMembers": false,
      "allowWebPosting": true,
      "archiveOnly": false,
      "createdOn": undefined,
      "customFooterText": "",
      "customReplyTo": undefined,
      "customRolesEnabledForSettingsToBeMerged": false,
      "defaultMessageDenyNotificationText": "",
      "description": "Developers on JupiterOne integrations team",
      "displayName": "integrations@jupiterone.dev",
      "email": "integrations@jupiterone.dev",
      "enableCollaborativeInbox": false,
      "favoriteRepliesOnTop": true,
      "id": "023ckvvd4kecvcb",
      "includeCustomFooter": false,
      "includeInGlobalAddressList": true,
      "isArchived": true,
      "membersCanPostAsTheGroup": false,
      "messageModerationLevel": "MODERATE_NONE",
      "name": "integrations@jupiterone.dev",
      "primaryLanguage": undefined,
      "replyTo": "REPLY_TO_IGNORE",
      "sendMessageDenyNotification": false,
      "spamModerationLevel": "MODERATE",
      "webLink": "https://admin.google.com/ac/groups/023ckvvd4kecvcb/settings",
      "whoCanApproveMembers": "NONE_CAN_APPROVE",
      "whoCanAssistContent": "NONE",
      "whoCanBanUsers": "NONE",
      "whoCanContactOwner": "ANYONE_CAN_CONTACT",
      "whoCanDiscoverGroup": "ALL_IN_DOMAIN_CAN_DISCOVER",
      "whoCanJoin": "INVITED_CAN_JOIN",
      "whoCanLeaveGroup": "ALL_MEMBERS_CAN_LEAVE",
      "whoCanModerateContent": "OWNERS_AND_MANAGERS",
      "whoCanModerateMembers": "NONE",
      "whoCanPostMessage": "ALL_IN_DOMAIN_CAN_POST",
      "whoCanViewGroup": "ALL_IN_DOMAIN_CAN_VIEW",
      "whoCanViewMembership": "ALL_IN_DOMAIN_CAN_VIEW",
    },
    Object {
      "_class": Array [
        "Configuration",
      ],
      "_key": "google_group_settings_00sqyw643dnjpsf",
      "_rawData": Array [
        Object {
          "name": "default",
          "rawData": Object {
            "allowExternalMembers": "false",
            "allowGoogleCommunication": "false",
            "allowWebPosting": "true",
            "archiveOnly": "false",
            "customFooterText": "",
            "customRolesEnabledForSettingsToBeMerged": "false",
            "defaultMessageDenyNotificationText": "",
            "defaultSender": "DEFAULT_SELF",
            "description": "",
            "email": "overlappingemailtest@jupiterone.dev",
            "enableCollaborativeInbox": "false",
            "favoriteRepliesOnTop": "true",
            "includeCustomFooter": "false",
            "includeInGlobalAddressList": "true",
            "isArchived": "false",
            "kind": "groupsSettings#groups",
            "maxMessageBytes": 26214400,
            "membersCanPostAsTheGroup": "false",
            "messageDisplayFont": "DEFAULT_FONT",
            "messageModerationLevel": "MODERATE_NONE",
            "name": "OverlappingEmailTest1",
            "replyTo": "REPLY_TO_IGNORE",
            "sendMessageDenyNotification": "false",
            "showInGroupDirectory": "true",
            "spamModerationLevel": "MODERATE",
            "whoCanAdd": "ALL_MANAGERS_CAN_ADD",
            "whoCanAddReferences": "NONE",
            "whoCanApproveMembers": "ALL_MANAGERS_CAN_APPROVE",
            "whoCanApproveMessages": "OWNERS_AND_MANAGERS",
            "whoCanAssignTopics": "NONE",
            "whoCanAssistContent": "NONE",
            "whoCanBanUsers": "OWNERS_AND_MANAGERS",
            "whoCanContactOwner": "ALL_OWNERS_CAN_CONTACT",
            "whoCanDeleteAnyPost": "OWNERS_AND_MANAGERS",
            "whoCanDeleteTopics": "OWNERS_AND_MANAGERS",
            "whoCanDiscoverGroup": "ALL_IN_DOMAIN_CAN_DISCOVER",
            "whoCanEnterFreeFormTags": "NONE",
            "whoCanHideAbuse": "NONE",
            "whoCanInvite": "ALL_MANAGERS_CAN_INVITE",
            "whoCanJoin": "INVITED_CAN_JOIN",
            "whoCanLeaveGroup": "ALL_MEMBERS_CAN_LEAVE",
            "whoCanLockTopics": "OWNERS_AND_MANAGERS",
            "whoCanMakeTopicsSticky": "NONE",
            "whoCanMarkDuplicate": "NONE",
            "whoCanMarkFavoriteReplyOnAnyTopic": "NONE",
            "whoCanMarkFavoriteReplyOnOwnTopic": "NONE",
            "whoCanMarkNoResponseNeeded": "NONE",
            "whoCanModerateContent": "OWNERS_AND_MANAGERS",
            "whoCanModerateMembers": "OWNERS_AND_MANAGERS",
            "whoCanModifyMembers": "OWNERS_AND_MANAGERS",
            "whoCanModifyTagsAndCategories": "NONE",
            "whoCanMoveTopicsIn": "OWNERS_AND_MANAGERS",
            "whoCanMoveTopicsOut": "OWNERS_AND_MANAGERS",
            "whoCanPostAnnouncements": "OWNERS_AND_MANAGERS",
            "whoCanPostMessage": "ALL_OWNERS_CAN_POST",
            "whoCanTakeTopics": "NONE",
            "whoCanUnassignTopic": "NONE",
            "whoCanUnmarkFavoriteReplyOnAnyTopic": "NONE",
            "whoCanViewGroup": "ALL_OWNERS_CAN_VIEW",
            "whoCanViewMembership": "ALL_OWNERS_CAN_VIEW",
          },
        },
      ],
      "_type": "google_group_settings",
      "allowExternalMembers": false,
      "allowWebPosting": true,
      "archiveOnly": false,
      "createdOn": undefined,
      "customFooterText": "",
      "customReplyTo": undefined,
      "customRolesEnabledForSettingsToBeMerged": false,
      "defaultMessageDenyNotificationText": "",
      "description": "",
      "displayName": "overlappingemailtest@jupiterone.dev",
      "email": "overlappingemailtest@jupiterone.dev",
      "enableCollaborativeInbox": false,
      "favoriteRepliesOnTop": true,
      "id": "00sqyw643dnjpsf",
      "includeCustomFooter": false,
      "includeInGlobalAddressList": true,
      "isArchived": false,
      "membersCanPostAsTheGroup": false,
      "messageModerationLevel": "MODERATE_NONE",
      "name": "overlappingemailtest@jupiterone.dev",
      "primaryLanguage": undefined,
      "replyTo": "REPLY_TO_IGNORE",
      "sendMessageDenyNotification": false,
      "spamModerationLevel": "MODERATE",
      "webLink": "https://admin.google.com/ac/groups/00sqyw643dnjpsf/settings",
      "whoCanApproveMembers": "ALL_MANAGERS_CAN_APPROVE",
      "whoCanAssistContent": "NONE",
      "whoCanBanUsers": "OWNERS_AND_MANAGERS",
      "whoCanContactOwner": "ALL_OWNERS_CAN_CONTACT",
      "whoCanDiscoverGroup": "ALL_IN_DOMAIN_CAN_DISCOVER",
      "whoCanJoin": "INVITED_CAN_JOIN",
      "whoCanLeaveGroup": "ALL_MEMBERS_CAN_LEAVE",
      "whoCanModerateContent": "OWNERS_AND_MANAGERS",
      "whoCanModerateMembers": "OWNERS_AND_MANAGERS",
      "whoCanPostMessage": "ALL_OWNERS_CAN_POST",
      "whoCanViewGroup": "ALL_OWNERS_CAN_VIEW",
      "whoCanViewMembership": "ALL_OWNERS_CAN_VIEW",
    },
    Object {
      "_class": Array [
        "Configuration",
      ],
      "_key": "google_group_settings_03cqmetx36hgkxw",
      "_rawData": Array [
        Object {
          "name": "default",
          "rawData": Object {
            "allowExternalMembers": "false",
            "allowGoogleCommunication": "false",
            "allowWebPosting": "true",
            "archiveOnly": "false",
            "customFooterText": "",
            "customRolesEnabledForSettingsToBeMerged": "false",
            "defaultMessageDenyNotificationText": "",
            "defaultSender": "DEFAULT_SELF",
            "description": "Test additional group",
            "email": "testgroup@jupiterone.dev",
            "enableCollaborativeInbox": "false",
            "favoriteRepliesOnTop": "true",
            "includeCustomFooter": "false",
            "includeInGlobalAddressList": "true",
            "isArchived": "true",
            "kind": "groupsSettings#groups",
            "maxMessageBytes": 26214400,
            "membersCanPostAsTheGroup": "false",
            "messageDisplayFont": "DEFAULT_FONT",
            "messageModerationLevel": "MODERATE_NONE",
            "name": "TestExtraGroup",
            "replyTo": "REPLY_TO_IGNORE",
            "sendMessageDenyNotification": "false",
            "showInGroupDirectory": "true",
            "spamModerationLevel": "MODERATE",
            "whoCanAdd": "ALL_OWNERS_CAN_ADD",
            "whoCanAddReferences": "NONE",
            "whoCanApproveMembers": "ALL_OWNERS_CAN_APPROVE",
            "whoCanApproveMessages": "OWNERS_AND_MANAGERS",
            "whoCanAssignTopics": "NONE",
            "whoCanAssistContent": "NONE",
            "whoCanBanUsers": "OWNERS_ONLY",
            "whoCanContactOwner": "ALL_OWNERS_CAN_CONTACT",
            "whoCanDeleteAnyPost": "OWNERS_AND_MANAGERS",
            "whoCanDeleteTopics": "OWNERS_AND_MANAGERS",
            "whoCanDiscoverGroup": "ALL_IN_DOMAIN_CAN_DISCOVER",
            "whoCanEnterFreeFormTags": "NONE",
            "whoCanHideAbuse": "NONE",
            "whoCanInvite": "ALL_OWNERS_CAN_INVITE",
            "whoCanJoin": "INVITED_CAN_JOIN",
            "whoCanLeaveGroup": "ALL_MEMBERS_CAN_LEAVE",
            "whoCanLockTopics": "OWNERS_AND_MANAGERS",
            "whoCanMakeTopicsSticky": "NONE",
            "whoCanMarkDuplicate": "NONE",
            "whoCanMarkFavoriteReplyOnAnyTopic": "NONE",
            "whoCanMarkFavoriteReplyOnOwnTopic": "NONE",
            "whoCanMarkNoResponseNeeded": "NONE",
            "whoCanModerateContent": "OWNERS_AND_MANAGERS",
            "whoCanModerateMembers": "OWNERS_ONLY",
            "whoCanModifyMembers": "OWNERS_ONLY",
            "whoCanModifyTagsAndCategories": "NONE",
            "whoCanMoveTopicsIn": "OWNERS_AND_MANAGERS",
            "whoCanMoveTopicsOut": "OWNERS_AND_MANAGERS",
            "whoCanPostAnnouncements": "OWNERS_AND_MANAGERS",
            "whoCanPostMessage": "ALL_OWNERS_CAN_POST",
            "whoCanTakeTopics": "NONE",
            "whoCanUnassignTopic": "NONE",
            "whoCanUnmarkFavoriteReplyOnAnyTopic": "NONE",
            "whoCanViewGroup": "ALL_OWNERS_CAN_VIEW",
            "whoCanViewMembership": "ALL_OWNERS_CAN_VIEW",
          },
        },
      ],
      "_type": "google_group_settings",
      "allowExternalMembers": false,
      "allowWebPosting": true,
      "archiveOnly": false,
      "createdOn": undefined,
      "customFooterText": "",
      "customReplyTo": undefined,
      "customRolesEnabledForSettingsToBeMerged": false,
      "defaultMessageDenyNotificationText": "",
      "description": "Test additional group",
      "displayName": "testgroup@jupiterone.dev",
      "email": "testgroup@jupiterone.dev",
      "enableCollaborativeInbox": false,
      "favoriteRepliesOnTop": true,
      "id": "03cqmetx36hgkxw",
      "includeCustomFooter": false,
      "includeInGlobalAddressList": true,
      "isArchived": true,
      "membersCanPostAsTheGroup": false,
      "messageModerationLevel": "MODERATE_NONE",
      "name": "testgroup@jupiterone.dev",
      "primaryLanguage": undefined,
      "replyTo": "REPLY_TO_IGNORE",
      "sendMessageDenyNotification": false,
      "spamModerationLevel": "MODERATE",
      "webLink": "https://admin.google.com/ac/groups/03cqmetx36hgkxw/settings",
      "whoCanApproveMembers": "ALL_OWNERS_CAN_APPROVE",
      "whoCanAssistContent": "NONE",
      "whoCanBanUsers": "OWNERS_ONLY",
      "whoCanContactOwner": "ALL_OWNERS_CAN_CONTACT",
      "whoCanDiscoverGroup": "ALL_IN_DOMAIN_CAN_DISCOVER",
      "whoCanJoin": "INVITED_CAN_JOIN",
      "whoCanLeaveGroup": "ALL_MEMBERS_CAN_LEAVE",
      "whoCanModerateContent": "OWNERS_AND_MANAGERS",
      "whoCanModerateMembers": "OWNERS_ONLY",
      "whoCanPostMessage": "ALL_OWNERS_CAN_POST",
      "whoCanViewGroup": "ALL_OWNERS_CAN_VIEW",
      "whoCanViewMembership": "ALL_OWNERS_CAN_VIEW",
    },
  ],
  "collectedRelationships": Array [
    Object {
      "_class": "HAS",
      "_fromEntityKey": "google_account_C048tgq5f",
      "_key": "google_account_C048tgq5f|has|google_user_101087418859287572029",
      "_toEntityKey": "google_user_101087418859287572029",
      "_type": "google_account_has_user",
      "displayName": "HAS",
    },
    Object {
      "_class": "HAS",
      "_fromEntityKey": "google_account_C048tgq5f",
      "_key": "google_account_C048tgq5f|has|google_user_103216940484951073954",
      "_toEntityKey": "google_user_103216940484951073954",
      "_type": "google_account_has_user",
      "displayName": "HAS",
    },
    Object {
      "_class": "HAS",
      "_fromEntityKey": "google_account_C048tgq5f",
      "_key": "google_account_C048tgq5f|has|google_user_109801570197266814256",
      "_toEntityKey": "google_user_109801570197266814256",
      "_type": "google_account_has_user",
      "displayName": "HAS",
    },
    Object {
      "_class": "HAS",
      "_fromEntityKey": "google_account_C048tgq5f",
      "_key": "google_account_C048tgq5f|has|google_user_117824073733439501528",
      "_toEntityKey": "google_user_117824073733439501528",
      "_type": "google_account_has_user",
      "displayName": "HAS",
    },
    Object {
      "_class": "HAS",
      "_fromEntityKey": "google_account_C048tgq5f",
      "_key": "google_account_C048tgq5f|has|google_user_101516922440466241880",
      "_toEntityKey": "google_user_101516922440466241880",
      "_type": "google_account_has_user",
      "displayName": "HAS",
    },
    Object {
      "_class": "HAS",
      "_fromEntityKey": "google_account_C048tgq5f",
      "_key": "google_account_C048tgq5f|has|google_user_102467940035414235346",
      "_toEntityKey": "google_user_102467940035414235346",
      "_type": "google_account_has_user",
      "displayName": "HAS",
    },
    Object {
      "_class": "HAS",
      "_fromEntityKey": "google_account_C048tgq5f",
      "_key": "google_account_C048tgq5f|has|google_group_023ckvvd4kecvcb",
      "_toEntityKey": "google_group_023ckvvd4kecvcb",
      "_type": "google_account_has_group",
      "displayName": "HAS",
    },
    Object {
      "_class": "HAS",
      "_fromEntityKey": "google_account_C048tgq5f",
      "_key": "google_account_C048tgq5f|has|google_group_00sqyw643dnjpsf",
      "_toEntityKey": "google_group_00sqyw643dnjpsf",
      "_type": "google_account_has_group",
      "displayName": "HAS",
    },
    Object {
      "_class": "HAS",
      "_fromEntityKey": "google_account_C048tgq5f",
      "_key": "google_account_C048tgq5f|has|google_group_03cqmetx36hgkxw",
      "_toEntityKey": "google_group_03cqmetx36hgkxw",
      "_type": "google_account_has_group",
      "displayName": "HAS",
    },
    Object {
      "_class": "HAS",
      "_fromEntityKey": "google_group_023ckvvd4kecvcb",
      "_key": "google_group_023ckvvd4kecvcb|has|google_user_101087418859287572029",
      "_toEntityKey": "google_user_101087418859287572029",
      "_type": "google_group_has_user",
      "deliverySettings": undefined,
      "displayName": "HAS",
      "email": "adam.williams@jupiterone.dev",
      "id": "101087418859287572029",
      "kind": "admin#directory#member",
      "role": "MEMBER",
      "status": "ACTIVE",
      "type": "USER",
    },
    Object {
      "_class": "HAS",
      "_fromEntityKey": "google_group_023ckvvd4kecvcb",
      "_key": "google_group_023ckvvd4kecvcb|has|google_user_103216940484951073954",
      "_toEntityKey": "google_user_103216940484951073954",
      "_type": "google_group_has_user",
      "deliverySettings": undefined,
      "displayName": "HAS",
      "email": "austin.kelleher@jupiterone.dev",
      "id": "103216940484951073954",
      "kind": "admin#directory#member",
      "role": "OWNER",
      "status": "ACTIVE",
      "type": "USER",
    },
    Object {
      "_class": "HAS",
      "_fromEntityKey": "google_group_023ckvvd4kecvcb",
      "_key": "google_group_023ckvvd4kecvcb|has|google_user_102467940035414235346",
      "_toEntityKey": "google_user_102467940035414235346",
      "_type": "google_group_has_user",
      "deliverySettings": undefined,
      "displayName": "HAS",
      "email": "system@jupiterone.dev",
      "id": "102467940035414235346",
      "kind": "admin#directory#member",
      "role": "MEMBER",
      "status": "ACTIVE",
      "type": "USER",
    },
    Object {
      "_class": "HAS",
      "_fromEntityKey": "google_group_03cqmetx36hgkxw",
      "_key": "google_group_03cqmetx36hgkxw|has|google_user_109801570197266814256",
      "_toEntityKey": "google_user_109801570197266814256",
      "_type": "google_group_has_user",
      "deliverySettings": undefined,
      "displayName": "HAS",
      "email": "development@jupiterone.dev",
      "id": "109801570197266814256",
      "kind": "admin#directory#member",
      "role": "OWNER",
      "status": "ACTIVE",
      "type": "USER",
    },
    Object {
      "_class": "HAS",
      "_fromEntityKey": "google_group_023ckvvd4kecvcb",
      "_key": "google_group_023ckvvd4kecvcb|has|google_group_settings_023ckvvd4kecvcb",
      "_toEntityKey": "google_group_settings_023ckvvd4kecvcb",
      "_type": "google_group_has_settings",
      "displayName": "HAS",
    },
    Object {
      "_class": "HAS",
      "_fromEntityKey": "google_group_00sqyw643dnjpsf",
      "_key": "google_group_00sqyw643dnjpsf|has|google_group_settings_00sqyw643dnjpsf",
      "_toEntityKey": "google_group_settings_00sqyw643dnjpsf",
      "_type": "google_group_has_settings",
      "displayName": "HAS",
    },
    Object {
      "_class": "HAS",
      "_fromEntityKey": "google_group_03cqmetx36hgkxw",
      "_key": "google_group_03cqmetx36hgkxw|has|google_group_settings_03cqmetx36hgkxw",
      "_toEntityKey": "google_group_settings_03cqmetx36hgkxw",
      "_type": "google_group_has_settings",
      "displayName": "HAS",
    },
  ],
  "encounteredTypes": Array [
    "google_account",
    "google_user",
    "google_account_has_user",
    "google_group",
    "google_account_has_group",
    "google_group_has_user",
    "google_group_settings",
    "google_group_has_settings",
  ],
  "numCollectedEntities": 13,
  "numCollectedRelationships": 16,
}
`;
