// Jest Snapshot v1, https://goo.gl/fbAQLP

exports[`#fetchGroups should collect data 1`] = `
Object {
  "collectedEntities": Array [
    Object {
      "_class": Array [
        "Account",
      ],
      "_key": "google_account_C048tgq5f",
      "_rawData": Array [
        Object {
          "name": "default",
          "rawData": Object {
            "account": Object {
              "googleAccountId": "C048tgq5f",
              "name": "Local Integration",
            },
            "domainNames": Array [],
            "primaryDomain": undefined,
          },
        },
      ],
      "_type": "google_account",
      "accountId": undefined,
      "createdOn": undefined,
      "displayName": "Local Integration",
      "domains": Array [],
      "id": "C048tgq5f",
      "name": "Local Integration",
      "primaryDomain": undefined,
      "vendor": "Google",
    },
    Object {
      "_class": Array [
        "User",
      ],
      "_key": "google_user_101087418859287572029",
      "_rawData": Array [
        Object {
          "name": "default",
          "rawData": Object {
            "agreedToTerms": true,
            "archived": false,
            "changePasswordAtNextLogin": false,
            "creationTime": "2021-05-26T20:33:31.000Z",
            "customerId": "C048tgq5f",
            "emails": Array [
              Object {
                "address": "adam.williams@jupiterone.dev",
                "primary": true,
              },
              Object {
                "address": "adam.williams@jupiterone.dev.test-google-a.com",
              },
            ],
            "etag": "\\"oUFCDjWEzoqbOg-UBcrPNLm0LDKHeK9dytjyFPUxPDA/v0LxZIpSNSOEt-DHNuSsozESugQ\\"",
            "id": "101087418859287572029",
            "includeInGlobalAddressList": true,
            "ipWhitelisted": false,
            "isAdmin": true,
            "isDelegatedAdmin": false,
            "isEnforcedIn2Sv": false,
            "isEnrolledIn2Sv": false,
            "isMailboxSetup": true,
            "kind": "admin#directory#user",
            "lastLoginTime": "2021-07-12T14:20:01.000Z",
            "name": Object {
              "familyName": "Williams",
              "fullName": "Adam Williams",
              "givenName": "Adam",
            },
            "nonEditableAliases": Array [
              "adam.williams@jupiterone.dev.test-google-a.com",
            ],
            "orgUnitPath": "/",
            "primaryEmail": "adam.williams@jupiterone.dev",
            "recoveryEmail": "adam.williams@jupiterone.com",
            "recoveryPhone": "+19192477950",
            "suspended": false,
          },
        },
      ],
      "_type": "google_user",
      "active": true,
      "admin": true,
      "agreedToTerms": true,
      "aliases": undefined,
      "archived": false,
      "changePasswordAtNextLogin": false,
      "createdOn": 1622061211000,
      "creationTime": 1622061211000,
      "customSchemas": undefined,
      "customerId": "C048tgq5f",
      "deletedOn": undefined,
      "deletionTime": undefined,
      "displayName": "Adam Williams",
      "email": "adam.williams@jupiterone.dev",
      "emailDomain": Array [
        "jupiterone.dev",
      ],
      "firstName": "Adam",
      "hashFunction": undefined,
      "id": "101087418859287572029",
      "includeInGlobalAddressList": true,
      "ipWhitelisted": false,
      "isAdmin": true,
      "isDelegatedAdmin": false,
      "isEnforcedIn2Sv": false,
      "isEnrolledIn2Sv": false,
      "isMailboxSetup": true,
      "kind": "admin#directory#user",
      "lastLoginOn": 1626099601000,
      "lastLoginTime": 1626099601000,
      "lastName": "Williams",
      "mfaEnabled": false,
      "name": "Adam Williams",
      "orgUnitPath": "/",
      "primaryEmail": "adam.williams@jupiterone.dev",
      "recoveryEmail": "adam.williams@jupiterone.com",
      "recoveryPhone": "+19192477950",
      "suspended": false,
      "suspensionReason": undefined,
      "thumbnailPhotoUrl": undefined,
      "username": "adam.williams",
    },
    Object {
      "_class": Array [
        "User",
      ],
      "_key": "google_user_103216940484951073954",
      "_rawData": Array [
        Object {
          "name": "default",
          "rawData": Object {
            "agreedToTerms": true,
            "archived": false,
            "changePasswordAtNextLogin": false,
            "creationTime": "2021-05-26T21:06:45.000Z",
            "customerId": "C048tgq5f",
            "emails": Array [
              Object {
                "address": "austin.kelleher@jupiterone.dev",
                "primary": true,
              },
              Object {
                "address": "austin.kelleher@jupiterone.dev.test-google-a.com",
              },
            ],
            "etag": "\\"oUFCDjWEzoqbOg-UBcrPNLm0LDKHeK9dytjyFPUxPDA/hn0I7fzKdUwWoVTK2FW9MU01Wg4\\"",
            "id": "103216940484951073954",
            "includeInGlobalAddressList": true,
            "ipWhitelisted": false,
            "isAdmin": true,
            "isDelegatedAdmin": false,
            "isEnforcedIn2Sv": false,
            "isEnrolledIn2Sv": false,
            "isMailboxSetup": true,
            "kind": "admin#directory#user",
            "lastLoginTime": "2021-07-28T15:51:45.000Z",
            "name": Object {
              "familyName": "Kelleher",
              "fullName": "Austin Kelleher",
              "givenName": "Austin",
            },
            "nonEditableAliases": Array [
              "austin.kelleher@jupiterone.dev.test-google-a.com",
            ],
            "orgUnitPath": "/",
            "primaryEmail": "austin.kelleher@jupiterone.dev",
            "recoveryEmail": "austin.kelleher@jupiterone.com",
            "recoveryPhone": "+15859430080",
            "suspended": false,
          },
        },
      ],
      "_type": "google_user",
      "active": true,
      "admin": true,
      "agreedToTerms": true,
      "aliases": undefined,
      "archived": false,
      "changePasswordAtNextLogin": false,
      "createdOn": 1622063205000,
      "creationTime": 1622063205000,
      "customSchemas": undefined,
      "customerId": "C048tgq5f",
      "deletedOn": undefined,
      "deletionTime": undefined,
      "displayName": "Austin Kelleher",
      "email": "austin.kelleher@jupiterone.dev",
      "emailDomain": Array [
        "jupiterone.dev",
      ],
      "firstName": "Austin",
      "hashFunction": undefined,
      "id": "103216940484951073954",
      "includeInGlobalAddressList": true,
      "ipWhitelisted": false,
      "isAdmin": true,
      "isDelegatedAdmin": false,
      "isEnforcedIn2Sv": false,
      "isEnrolledIn2Sv": false,
      "isMailboxSetup": true,
      "kind": "admin#directory#user",
      "lastLoginOn": 1627487505000,
      "lastLoginTime": 1627487505000,
      "lastName": "Kelleher",
      "mfaEnabled": false,
      "name": "Austin Kelleher",
      "orgUnitPath": "/",
      "primaryEmail": "austin.kelleher@jupiterone.dev",
      "recoveryEmail": "austin.kelleher@jupiterone.com",
      "recoveryPhone": "+15859430080",
      "suspended": false,
      "suspensionReason": undefined,
      "thumbnailPhotoUrl": undefined,
      "username": "austin.kelleher",
    },
    Object {
      "_class": Array [
        "User",
      ],
      "_key": "google_user_103428378832289676531",
      "_rawData": Array [
        Object {
          "name": "default",
          "rawData": Object {
            "agreedToTerms": true,
            "archived": false,
            "changePasswordAtNextLogin": false,
            "creationTime": "2021-07-09T18:54:16.000Z",
            "customerId": "C048tgq5f",
            "emails": Array [
              Object {
                "address": "chris.elias@jupiterone.com",
                "type": "work",
              },
              Object {
                "address": "chris.elias@jupiterone.dev",
                "primary": true,
              },
              Object {
                "address": "chris.elias@jupiterone.dev.test-google-a.com",
              },
            ],
            "etag": "\\"oUFCDjWEzoqbOg-UBcrPNLm0LDKHeK9dytjyFPUxPDA/mt0uVcI3WEOZdF91kllOhsPtW-I\\"",
            "id": "103428378832289676531",
            "includeInGlobalAddressList": true,
            "ipWhitelisted": false,
            "isAdmin": true,
            "isDelegatedAdmin": false,
            "isEnforcedIn2Sv": false,
            "isEnrolledIn2Sv": false,
            "isMailboxSetup": true,
            "kind": "admin#directory#user",
            "lastLoginTime": "2021-07-16T13:04:23.000Z",
            "name": Object {
              "familyName": "Elias",
              "fullName": "Chris Elias",
              "givenName": "Chris",
            },
            "nonEditableAliases": Array [
              "chris.elias@jupiterone.dev.test-google-a.com",
            ],
            "orgUnitPath": "/",
            "primaryEmail": "chris.elias@jupiterone.dev",
            "suspended": false,
          },
        },
      ],
      "_type": "google_user",
      "active": true,
      "admin": true,
      "agreedToTerms": true,
      "aliases": undefined,
      "archived": false,
      "changePasswordAtNextLogin": false,
      "createdOn": 1625856856000,
      "creationTime": 1625856856000,
      "customSchemas": undefined,
      "customerId": "C048tgq5f",
      "deletedOn": undefined,
      "deletionTime": undefined,
      "displayName": "Chris Elias",
      "email": "chris.elias@jupiterone.dev",
      "emailDomain": Array [
        "jupiterone.dev",
      ],
      "firstName": "Chris",
      "hashFunction": undefined,
      "id": "103428378832289676531",
      "includeInGlobalAddressList": true,
      "ipWhitelisted": false,
      "isAdmin": true,
      "isDelegatedAdmin": false,
      "isEnforcedIn2Sv": false,
      "isEnrolledIn2Sv": false,
      "isMailboxSetup": true,
      "kind": "admin#directory#user",
      "lastLoginOn": 1626440663000,
      "lastLoginTime": 1626440663000,
      "lastName": "Elias",
      "mfaEnabled": false,
      "name": "Chris Elias",
      "orgUnitPath": "/",
      "primaryEmail": "chris.elias@jupiterone.dev",
      "recoveryEmail": undefined,
      "recoveryPhone": undefined,
      "suspended": false,
      "suspensionReason": undefined,
      "thumbnailPhotoUrl": undefined,
      "username": "chris.elias",
      "workEmail": "chris.elias@jupiterone.com",
    },
    Object {
      "_class": Array [
        "User",
      ],
      "_key": "google_user_107717678128432655354",
      "_rawData": Array [
        Object {
          "name": "default",
          "rawData": Object {
            "agreedToTerms": false,
            "archived": false,
            "changePasswordAtNextLogin": true,
            "creationTime": "2021-07-07T02:26:32.000Z",
            "customerId": "C048tgq5f",
            "emails": Array [
              Object {
                "address": "eric.ayotte@jupiterone.com",
                "type": "work",
              },
              Object {
                "address": "solutions.engineers@jupiterone.dev",
                "primary": true,
              },
              Object {
                "address": "solutions.engineers@jupiterone.dev.test-google-a.com",
              },
            ],
            "etag": "\\"oUFCDjWEzoqbOg-UBcrPNLm0LDKHeK9dytjyFPUxPDA/AYBIiWdJKbn7L40X5pimuNi5ssQ\\"",
            "id": "107717678128432655354",
            "includeInGlobalAddressList": true,
            "ipWhitelisted": false,
            "isAdmin": true,
            "isDelegatedAdmin": false,
            "isEnforcedIn2Sv": false,
            "isEnrolledIn2Sv": false,
            "isMailboxSetup": true,
            "kind": "admin#directory#user",
            "lastLoginTime": "1970-01-01T00:00:00.000Z",
            "name": Object {
              "familyName": "Engineers",
              "fullName": "Solutions Engineers",
              "givenName": "Solutions",
            },
            "nonEditableAliases": Array [
              "solutions.engineers@jupiterone.dev.test-google-a.com",
            ],
            "orgUnitPath": "/",
            "primaryEmail": "solutions.engineers@jupiterone.dev",
            "suspended": false,
          },
        },
      ],
      "_type": "google_user",
      "active": false,
      "admin": true,
      "agreedToTerms": false,
      "aliases": undefined,
      "archived": false,
      "changePasswordAtNextLogin": true,
      "createdOn": 1625624792000,
      "creationTime": 1625624792000,
      "customSchemas": undefined,
      "customerId": "C048tgq5f",
      "deletedOn": undefined,
      "deletionTime": undefined,
      "displayName": "Solutions Engineers",
      "email": "solutions.engineers@jupiterone.dev",
      "emailDomain": Array [
        "jupiterone.dev",
      ],
      "firstName": "Solutions",
      "hashFunction": undefined,
      "id": "107717678128432655354",
      "includeInGlobalAddressList": true,
      "ipWhitelisted": false,
      "isAdmin": true,
      "isDelegatedAdmin": false,
      "isEnforcedIn2Sv": false,
      "isEnrolledIn2Sv": false,
      "isMailboxSetup": true,
      "kind": "admin#directory#user",
      "lastLoginOn": 0,
      "lastLoginTime": 0,
      "lastName": "Engineers",
      "mfaEnabled": false,
      "name": "Solutions Engineers",
      "orgUnitPath": "/",
      "primaryEmail": "solutions.engineers@jupiterone.dev",
      "recoveryEmail": undefined,
      "recoveryPhone": undefined,
      "suspended": false,
      "suspensionReason": undefined,
      "thumbnailPhotoUrl": undefined,
      "username": "solutions.engineers",
      "workEmail": "eric.ayotte@jupiterone.com",
    },
    Object {
      "_class": Array [
        "User",
      ],
      "_key": "google_user_102467940035414235346",
      "_rawData": Array [
        Object {
          "name": "default",
          "rawData": Object {
            "agreedToTerms": true,
            "archived": false,
            "changePasswordAtNextLogin": false,
            "creationTime": "2021-06-06T17:40:41.000Z",
            "customerId": "C048tgq5f",
            "emails": Array [
              Object {
                "address": "system@jupiterone.dev",
                "primary": true,
              },
              Object {
                "address": "system@jupiterone.dev.test-google-a.com",
              },
            ],
            "etag": "\\"oUFCDjWEzoqbOg-UBcrPNLm0LDKHeK9dytjyFPUxPDA/wVATRDDbjUEJ1Bd7oqwUPY7Ubco\\"",
            "id": "102467940035414235346",
            "includeInGlobalAddressList": true,
            "ipWhitelisted": false,
            "isAdmin": false,
            "isDelegatedAdmin": true,
            "isEnforcedIn2Sv": false,
            "isEnrolledIn2Sv": false,
            "isMailboxSetup": true,
            "kind": "admin#directory#user",
            "lastLoginTime": "2021-06-06T17:41:57.000Z",
            "name": Object {
              "familyName": "SystemUser",
              "fullName": "JupiterOne SystemUser",
              "givenName": "JupiterOne",
            },
            "nonEditableAliases": Array [
              "system@jupiterone.dev.test-google-a.com",
            ],
            "orgUnitPath": "/",
            "primaryEmail": "system@jupiterone.dev",
            "suspended": false,
          },
        },
      ],
      "_type": "google_user",
      "active": true,
      "admin": true,
      "agreedToTerms": true,
      "aliases": undefined,
      "archived": false,
      "changePasswordAtNextLogin": false,
      "createdOn": 1623001241000,
      "creationTime": 1623001241000,
      "customSchemas": undefined,
      "customerId": "C048tgq5f",
      "deletedOn": undefined,
      "deletionTime": undefined,
      "displayName": "JupiterOne SystemUser",
      "email": "system@jupiterone.dev",
      "emailDomain": Array [
        "jupiterone.dev",
      ],
      "firstName": "JupiterOne",
      "hashFunction": undefined,
      "id": "102467940035414235346",
      "includeInGlobalAddressList": true,
      "ipWhitelisted": false,
      "isAdmin": false,
      "isDelegatedAdmin": true,
      "isEnforcedIn2Sv": false,
      "isEnrolledIn2Sv": false,
      "isMailboxSetup": true,
      "kind": "admin#directory#user",
      "lastLoginOn": 1623001317000,
      "lastLoginTime": 1623001317000,
      "lastName": "SystemUser",
      "mfaEnabled": false,
      "name": "JupiterOne SystemUser",
      "orgUnitPath": "/",
      "primaryEmail": "system@jupiterone.dev",
      "recoveryEmail": undefined,
      "recoveryPhone": undefined,
      "suspended": false,
      "suspensionReason": undefined,
      "thumbnailPhotoUrl": undefined,
      "username": "system",
    },
    Object {
      "_class": Array [
        "UserGroup",
      ],
      "_key": "google_group_023ckvvd4kecvcb",
      "_rawData": Array [
        Object {
          "name": "default",
          "rawData": Object {
            "adminCreated": true,
            "description": "Developers on JupiterOne integrations team",
            "directMembersCount": "3",
            "email": "integrations@jupiterone.dev",
            "etag": "\\"oUFCDjWEzoqbOg-UBcrPNLm0LDKHeK9dytjyFPUxPDA/iXnW0P2lgGSDx6MCy_eklsUOve8\\"",
            "id": "023ckvvd4kecvcb",
            "kind": "admin#directory#group",
            "name": "Integration Developers",
            "nonEditableAliases": Array [
              "integrations@jupiterone.dev.test-google-a.com",
            ],
          },
        },
      ],
      "_type": "google_group",
      "adminCreated": true,
      "createdOn": undefined,
      "description": "Developers on JupiterOne integrations team",
      "directMembersCount": "3",
      "displayName": "Integration Developers",
      "email": "integrations@jupiterone.dev",
      "id": "023ckvvd4kecvcb",
      "kind": "admin#directory#group",
      "name": "Integration Developers",
    },
    Object {
      "_class": Array [
        "Configuration",
      ],
      "_key": "google_group_settings_023ckvvd4kecvcb",
      "_rawData": Array [
        Object {
          "name": "default",
          "rawData": Object {
            "allowExternalMembers": "false",
            "allowGoogleCommunication": "false",
            "allowWebPosting": "true",
            "archiveOnly": "false",
            "customFooterText": "",
            "customReplyTo": "",
            "customRolesEnabledForSettingsToBeMerged": "false",
            "defaultMessageDenyNotificationText": "",
            "defaultSender": "DEFAULT_SELF",
            "description": "Developers on JupiterOne integrations team",
            "email": "integrations@jupiterone.dev",
            "enableCollaborativeInbox": "false",
            "favoriteRepliesOnTop": "true",
            "includeCustomFooter": "false",
            "includeInGlobalAddressList": "true",
            "isArchived": "true",
            "kind": "groupsSettings#groups",
            "maxMessageBytes": 26214400,
            "membersCanPostAsTheGroup": "false",
            "messageDisplayFont": "DEFAULT_FONT",
            "messageModerationLevel": "MODERATE_NONE",
            "name": "Integration Developers",
            "replyTo": "REPLY_TO_IGNORE",
            "sendMessageDenyNotification": "false",
            "showInGroupDirectory": "true",
            "spamModerationLevel": "MODERATE",
            "whoCanAdd": "NONE_CAN_ADD",
            "whoCanAddReferences": "NONE",
            "whoCanApproveMembers": "NONE_CAN_APPROVE",
            "whoCanApproveMessages": "OWNERS_AND_MANAGERS",
            "whoCanAssignTopics": "NONE",
            "whoCanAssistContent": "NONE",
            "whoCanBanUsers": "NONE",
            "whoCanContactOwner": "ANYONE_CAN_CONTACT",
            "whoCanDeleteAnyPost": "OWNERS_AND_MANAGERS",
            "whoCanDeleteTopics": "OWNERS_AND_MANAGERS",
            "whoCanDiscoverGroup": "ALL_IN_DOMAIN_CAN_DISCOVER",
            "whoCanEnterFreeFormTags": "NONE",
            "whoCanHideAbuse": "NONE",
            "whoCanInvite": "NONE_CAN_INVITE",
            "whoCanJoin": "INVITED_CAN_JOIN",
            "whoCanLeaveGroup": "ALL_MEMBERS_CAN_LEAVE",
            "whoCanLockTopics": "OWNERS_AND_MANAGERS",
            "whoCanMakeTopicsSticky": "NONE",
            "whoCanMarkDuplicate": "NONE",
            "whoCanMarkFavoriteReplyOnAnyTopic": "NONE",
            "whoCanMarkFavoriteReplyOnOwnTopic": "NONE",
            "whoCanMarkNoResponseNeeded": "NONE",
            "whoCanModerateContent": "OWNERS_AND_MANAGERS",
            "whoCanModerateMembers": "NONE",
            "whoCanModifyMembers": "NONE",
            "whoCanModifyTagsAndCategories": "NONE",
            "whoCanMoveTopicsIn": "OWNERS_AND_MANAGERS",
            "whoCanMoveTopicsOut": "OWNERS_AND_MANAGERS",
            "whoCanPostAnnouncements": "OWNERS_AND_MANAGERS",
            "whoCanPostMessage": "ALL_IN_DOMAIN_CAN_POST",
            "whoCanTakeTopics": "NONE",
            "whoCanUnassignTopic": "NONE",
            "whoCanUnmarkFavoriteReplyOnAnyTopic": "NONE",
            "whoCanViewGroup": "ALL_IN_DOMAIN_CAN_VIEW",
            "whoCanViewMembership": "ALL_IN_DOMAIN_CAN_VIEW",
          },
        },
      ],
      "_type": "google_group_settings",
      "allowExternalMembers": false,
      "allowWebPosting": true,
      "archiveOnly": false,
      "createdOn": undefined,
      "customFooterText": "",
      "customReplyTo": "",
      "customRolesEnabledForSettingsToBeMerged": false,
      "defaultMessageDenyNotificationText": "",
      "description": "Developers on JupiterOne integrations team",
      "displayName": "integrations@jupiterone.dev",
      "email": "integrations@jupiterone.dev",
      "enableCollaborativeInbox": false,
      "favoriteRepliesOnTop": true,
      "id": "023ckvvd4kecvcb",
      "includeCustomFooter": false,
      "includeInGlobalAddressList": true,
      "isArchived": true,
      "membersCanPostAsTheGroup": false,
      "messageModerationLevel": "MODERATE_NONE",
      "name": "integrations@jupiterone.dev",
      "primaryLanguage": undefined,
      "replyTo": "REPLY_TO_IGNORE",
      "sendMessageDenyNotification": false,
      "spamModerationLevel": "MODERATE",
      "webLink": "https://admin.google.com/ac/groups/023ckvvd4kecvcb/settings",
      "whoCanApproveMembers": "NONE_CAN_APPROVE",
      "whoCanAssistContent": "NONE",
      "whoCanBanUsers": "NONE",
      "whoCanContactOwner": "ANYONE_CAN_CONTACT",
      "whoCanDiscoverGroup": "ALL_IN_DOMAIN_CAN_DISCOVER",
      "whoCanJoin": "INVITED_CAN_JOIN",
      "whoCanLeaveGroup": "ALL_MEMBERS_CAN_LEAVE",
      "whoCanModerateContent": "OWNERS_AND_MANAGERS",
      "whoCanModerateMembers": "NONE",
      "whoCanPostMessage": "ALL_IN_DOMAIN_CAN_POST",
      "whoCanViewGroup": "ALL_IN_DOMAIN_CAN_VIEW",
      "whoCanViewMembership": "ALL_IN_DOMAIN_CAN_VIEW",
    },
  ],
  "collectedRelationships": Array [
    Object {
      "_class": "HAS",
      "_fromEntityKey": "google_account_C048tgq5f",
      "_key": "google_account_C048tgq5f|has|google_user_101087418859287572029",
      "_toEntityKey": "google_user_101087418859287572029",
      "_type": "google_account_has_user",
      "displayName": "HAS",
    },
    Object {
      "_class": "HAS",
      "_fromEntityKey": "google_account_C048tgq5f",
      "_key": "google_account_C048tgq5f|has|google_user_103216940484951073954",
      "_toEntityKey": "google_user_103216940484951073954",
      "_type": "google_account_has_user",
      "displayName": "HAS",
    },
    Object {
      "_class": "HAS",
      "_fromEntityKey": "google_account_C048tgq5f",
      "_key": "google_account_C048tgq5f|has|google_user_103428378832289676531",
      "_toEntityKey": "google_user_103428378832289676531",
      "_type": "google_account_has_user",
      "displayName": "HAS",
    },
    Object {
      "_class": "HAS",
      "_fromEntityKey": "google_account_C048tgq5f",
      "_key": "google_account_C048tgq5f|has|google_user_107717678128432655354",
      "_toEntityKey": "google_user_107717678128432655354",
      "_type": "google_account_has_user",
      "displayName": "HAS",
    },
    Object {
      "_class": "HAS",
      "_fromEntityKey": "google_account_C048tgq5f",
      "_key": "google_account_C048tgq5f|has|google_user_102467940035414235346",
      "_toEntityKey": "google_user_102467940035414235346",
      "_type": "google_account_has_user",
      "displayName": "HAS",
    },
    Object {
      "_class": "HAS",
      "_fromEntityKey": "google_account_C048tgq5f",
      "_key": "google_account_C048tgq5f|has|google_group_023ckvvd4kecvcb",
      "_toEntityKey": "google_group_023ckvvd4kecvcb",
      "_type": "google_account_has_group",
      "displayName": "HAS",
    },
    Object {
      "_class": "HAS",
      "_fromEntityKey": "google_group_023ckvvd4kecvcb",
      "_key": "google_group_023ckvvd4kecvcb|has|google_user_101087418859287572029",
      "_toEntityKey": "google_user_101087418859287572029",
      "_type": "google_group_has_user",
      "deliverySettings": undefined,
      "displayName": "HAS",
      "email": "adam.williams@jupiterone.dev",
      "id": "101087418859287572029",
      "kind": "admin#directory#member",
      "role": "MEMBER",
      "status": "ACTIVE",
      "type": "USER",
    },
    Object {
      "_class": "HAS",
      "_fromEntityKey": "google_group_023ckvvd4kecvcb",
      "_key": "google_group_023ckvvd4kecvcb|has|google_user_103216940484951073954",
      "_toEntityKey": "google_user_103216940484951073954",
      "_type": "google_group_has_user",
      "deliverySettings": undefined,
      "displayName": "HAS",
      "email": "austin.kelleher@jupiterone.dev",
      "id": "103216940484951073954",
      "kind": "admin#directory#member",
      "role": "OWNER",
      "status": "ACTIVE",
      "type": "USER",
    },
    Object {
      "_class": "HAS",
      "_fromEntityKey": "google_group_023ckvvd4kecvcb",
      "_key": "google_group_023ckvvd4kecvcb|has|google_user_102467940035414235346",
      "_toEntityKey": "google_user_102467940035414235346",
      "_type": "google_group_has_user",
      "deliverySettings": undefined,
      "displayName": "HAS",
      "email": "system@jupiterone.dev",
      "id": "102467940035414235346",
      "kind": "admin#directory#member",
      "role": "MEMBER",
      "status": "ACTIVE",
      "type": "USER",
    },
    Object {
      "_class": "HAS",
      "_fromEntityKey": "google_group_023ckvvd4kecvcb",
      "_key": "google_group_023ckvvd4kecvcb|has|google_group_settings_023ckvvd4kecvcb",
      "_toEntityKey": "google_group_settings_023ckvvd4kecvcb",
      "_type": "google_group_has_settings",
      "displayName": "HAS",
    },
  ],
  "encounteredTypes": Array [
    "google_account",
    "google_user",
    "google_account_has_user",
    "google_group",
    "google_account_has_group",
    "google_group_has_user",
    "google_group_settings",
    "google_group_has_settings",
  ],
  "numCollectedEntities": 8,
  "numCollectedRelationships": 10,
}
`;
